******************************************************************************
                  MSP430 Linker PC v4.1.5                      
******************************************************************************
>> Linked Tue Nov 12 21:38:55 2013

OUTPUT FILE NAME:   <uart_r.out>
ENTRY POINT SYMBOL: "_c_int00"  address: 0000c2b8


MEMORY CONFIGURATION

         name            origin    length      used     unused   attr    fill
----------------------  --------  ---------  --------  --------  ----  --------
  SFR                   00000000   00000010  00000000  00000010  RWIX
  PERIPHERALS_8BIT      00000010   000000f0  00000000  000000f0  RWIX
  PERIPHERALS_16BIT     00000100   00000100  00000000  00000100  RWIX
  RAM                   00000200   00000200  00000064  0000019c  RWIX
  INFOD                 00001000   00000040  00000000  00000040  RWIX
  INFOC                 00001040   00000040  00000000  00000040  RWIX
  INFOB                 00001080   00000040  00000000  00000040  RWIX
  INFOA                 000010c0   00000040  00000000  00000040  RWIX
  FLASH                 0000c000   00003fe0  000003a4  00003c3c  RWIX
  INT00                 0000ffe0   00000002  00000000  00000002  RWIX
  INT01                 0000ffe2   00000002  00000000  00000002  RWIX
  INT02                 0000ffe4   00000002  00000000  00000002  RWIX
  INT03                 0000ffe6   00000002  00000000  00000002  RWIX
  INT04                 0000ffe8   00000002  00000000  00000002  RWIX
  INT05                 0000ffea   00000002  00000000  00000002  RWIX
  INT06                 0000ffec   00000002  00000000  00000002  RWIX
  INT07                 0000ffee   00000002  00000000  00000002  RWIX
  INT08                 0000fff0   00000002  00000000  00000002  RWIX
  INT09                 0000fff2   00000002  00000000  00000002  RWIX
  INT10                 0000fff4   00000002  00000000  00000002  RWIX
  INT11                 0000fff6   00000002  00000000  00000002  RWIX
  INT12                 0000fff8   00000002  00000000  00000002  RWIX
  INT13                 0000fffa   00000002  00000000  00000002  RWIX
  INT14                 0000fffc   00000002  00000000  00000002  RWIX
  RESET                 0000fffe   00000002  00000002  00000000  RWIX


SECTION ALLOCATION MAP

 output                                  attributes/
section   page    origin      length       input sections
--------  ----  ----------  ----------   ----------------
.init_array 
*          0    0000c000    00000000     UNINITIALIZED

.bss       0    00000200    0000000a     UNINITIALIZED
                  00000200    0000000a     main.obj (.bss)

.TI.noinit 
*          0    00000200    00000000     UNINITIALIZED

.data      0    0000020a    0000000a     
                  0000020a    0000000a     main.obj (.data)

.TI.persistent 
*          0    0000020a    00000000     UNINITIALIZED

.stack     0    000003b0    00000050     UNINITIALIZED
                  000003b0    00000002     rts430_eabi.lib : boot.obj (.stack)
                  000003b2    0000004e     --HOLE--

.text      0    0000c000    00000388     
                  0000c000    000000fc     main.obj (.text:main)
                  0000c0fc    00000088     main.obj (.text:ADC_send)
                  0000c184    0000005e     rts430_eabi.lib : copy_decompress_rle.obj (.text:__TI_decompress_rle_core)
                  0000c1e2    0000005e                     : autoinit.obj (.text:_auto_init)
                  0000c240    0000004c                     : lsr16.obj (.text)
                  0000c28c    0000002c                     : div16s.obj (.text)
                  0000c2b8    0000001a                     : boot.obj (.text:_c_int00_noexit)
                  0000c2d2    00000016     main.obj (.text:ADC_init4)
                  0000c2e8    00000016     main.obj (.text:ADC_init5)
                  0000c2fe    00000016     rts430_eabi.lib : div16u.obj (.text)
                  0000c314    00000014                     : copy_zero_init.obj (.text:decompress:ZI:__TI_zero_init)
                  0000c328    00000012     main.obj (.text:ADC_read)
                  0000c33a    00000012     rts430_eabi.lib : copy_decompress_none.obj (.text:decompress:none:__TI_decompress_none)
                  0000c34c    00000012                     : memcpy.obj (.text:memcpy)
                  0000c35e    00000010                     : epilog.obj (.text)
                  0000c36e    0000000c     main.obj (.text:Transmit)
                  0000c37a    00000006     rts430_eabi.lib : copy_decompress_rle.obj (.text:decompress:rle24:__TI_decompress_rle24)
                  0000c380    00000004                     : pre_init.obj (.text:_system_pre_init)
                  0000c384    00000004                     : exit.obj (.text:abort)

.cinit     0    0000c388    0000001c     
                  0000c388    00000009     (.cinit..data.load) [load image, compression = rle]
                  0000c391    00000001     --HOLE-- [fill = 0]
                  0000c392    00000006     (__TI_handler_table)
                  0000c398    00000004     (.cinit..bss.load) [load image, compression = zero_init]
                  0000c39c    00000008     (__TI_cinit_table)

.reset     0    0000fffe    00000002     
                  0000fffe    00000002     rts430_eabi.lib : boot.obj (.reset)


LINKER GENERATED COPY TABLES

__TI_cinit_table @ 0000c39c records: 2, size/record: 4, table size: 8
	.data: load addr=0000c388, load size=00000009 bytes, run addr=0000020a, run size=0000000a bytes, compression=rle
	.bss: load addr=0000c398, load size=00000004 bytes, run addr=00000200, run size=0000000a bytes, compression=zero_init


LINKER GENERATED HANDLER TABLE

__TI_handler_table @ 0000c392 records: 3, size/record: 2, table size: 6
	index: 0, handler: __TI_zero_init
	index: 1, handler: __TI_decompress_rle24
	index: 2, handler: __TI_decompress_none


GLOBAL SYMBOLS: SORTED ALPHABETICALLY BY Name 

address    name
--------   ----
00000200   ADC
0000004a   ADC10AE0
000001b0   ADC10CTL0
000001b2   ADC10CTL1
00000048   ADC10DTC0
00000049   ADC10DTC1
000001b4   ADC10MEM
000001bc   ADC10SA
0000c2d2   ADC_init4
0000c2e8   ADC_init5
0000c328   ADC_read
0000c0fc   ADC_send
00000057   BCSCTL1
00000058   BCSCTL2
00000053   BCSCTL3
0000c384   C$$EXIT
00000059   CACTL1
0000005a   CACTL2
000010fb   CALBC1_12MHZ
000010f9   CALBC1_16MHZ
000010ff   CALBC1_1MHZ
000010fd   CALBC1_8MHZ
000010fa   CALDCO_12MHZ
000010f8   CALDCO_16MHZ
000010fe   CALDCO_1MHZ
000010fc   CALDCO_8MHZ
0000005b   CAPD
00000056   DCOCTL
00000128   FCTL1
0000012a   FCTL2
0000012c   FCTL3
00000000   IE1
00000001   IE2
00000002   IFG1
00000003   IFG2
00000022   P1DIR
00000025   P1IE
00000024   P1IES
00000023   P1IFG
00000020   P1IN
00000021   P1OUT
00000027   P1REN
00000026   P1SEL
00000041   P1SEL2
0000002a   P2DIR
0000002d   P2IE
0000002c   P2IES
0000002b   P2IFG
00000028   P2IN
00000029   P2OUT
0000002f   P2REN
0000002e   P2SEL
00000042   P2SEL2
0000001a   P3DIR
00000018   P3IN
00000019   P3OUT
00000010   P3REN
0000001b   P3SEL
00000043   P3SEL2
00000172   TA0CCR0
00000174   TA0CCR1
00000176   TA0CCR2
00000162   TA0CCTL0
00000164   TA0CCTL1
00000166   TA0CCTL2
00000160   TA0CTL
0000012e   TA0IV
00000170   TA0R
00000192   TA1CCR0
00000194   TA1CCR1
00000196   TA1CCR2
00000182   TA1CCTL0
00000184   TA1CCTL1
00000186   TA1CCTL2
00000180   TA1CTL
0000011e   TA1IV
00000190   TA1R
0000c36e   Transmit
0000005d   UCA0ABCTL
00000062   UCA0BR0
00000063   UCA0BR1
00000060   UCA0CTL0
00000061   UCA0CTL1
0000005f   UCA0IRRCTL
0000005e   UCA0IRTCTL
00000064   UCA0MCTL
00000066   UCA0RXBUF
00000065   UCA0STAT
00000067   UCA0TXBUF
0000006a   UCB0BR0
0000006b   UCB0BR1
00000068   UCB0CTL0
00000069   UCB0CTL1
0000006c   UCB0I2CIE
00000118   UCB0I2COA
0000011a   UCB0I2CSA
0000006e   UCB0RXBUF
0000006d   UCB0STAT
0000006f   UCB0TXBUF
00000120   WDTCTL
00000400   __STACK_END
00000050   __STACK_SIZE
0000c39c   __TI_CINIT_Base
0000c3a4   __TI_CINIT_Limit
0000c392   __TI_Handler_Table_Base
0000c398   __TI_Handler_Table_Limit
UNDEFED    __TI_INITARRAY_Base
UNDEFED    __TI_INITARRAY_Limit
00000001   __TI_args_main
0000c33a   __TI_decompress_none
0000c37a   __TI_decompress_rle24
00000001   __TI_exit
0000c314   __TI_zero_init
ffffffff   __binit__
ffffffff   __c_args__
0000c28c   __mspabi_divi
0000c2fe   __mspabi_divu
0000c36a   __mspabi_func_epilog_1
0000c368   __mspabi_func_epilog_2
0000c366   __mspabi_func_epilog_3
0000c364   __mspabi_func_epilog_4
0000c362   __mspabi_func_epilog_5
0000c360   __mspabi_func_epilog_6
0000c35e   __mspabi_func_epilog_7
0000c28c   __mspabi_remi
0000c2fe   __mspabi_remu
0000c240   __mspabi_srli
0000c286   __mspabi_srli_1
0000c262   __mspabi_srli_10
0000c25e   __mspabi_srli_11
0000c25a   __mspabi_srli_12
0000c256   __mspabi_srli_13
0000c252   __mspabi_srli_14
0000c24e   __mspabi_srli_15
0000c282   __mspabi_srli_2
0000c27e   __mspabi_srli_3
0000c27a   __mspabi_srli_4
0000c276   __mspabi_srli_5
0000c272   __mspabi_srli_6
0000c26e   __mspabi_srli_7
0000c26a   __mspabi_srli_8
0000c266   __mspabi_srli_9
0000c1e2   _auto_init
0000c2b8   _c_int00
0000c2b8   _c_int00_noexit
0000fffe   _reset_vector
000003b0   _stack
0000c380   _system_pre_init
00000210   a
0000c384   abort
ffffffff   binit
0000020e   flag
0000020a   i
0000020c   k
0000c000   main
0000c34c   memcpy
00000212   s
00000202   x


GLOBAL SYMBOLS: SORTED BY Symbol Address 

address    name
--------   ----
00000000   IE1
00000001   IE2
00000001   __TI_args_main
00000001   __TI_exit
00000002   IFG1
00000003   IFG2
00000010   P3REN
00000018   P3IN
00000019   P3OUT
0000001a   P3DIR
0000001b   P3SEL
00000020   P1IN
00000021   P1OUT
00000022   P1DIR
00000023   P1IFG
00000024   P1IES
00000025   P1IE
00000026   P1SEL
00000027   P1REN
00000028   P2IN
00000029   P2OUT
0000002a   P2DIR
0000002b   P2IFG
0000002c   P2IES
0000002d   P2IE
0000002e   P2SEL
0000002f   P2REN
00000041   P1SEL2
00000042   P2SEL2
00000043   P3SEL2
00000048   ADC10DTC0
00000049   ADC10DTC1
0000004a   ADC10AE0
00000050   __STACK_SIZE
00000053   BCSCTL3
00000056   DCOCTL
00000057   BCSCTL1
00000058   BCSCTL2
00000059   CACTL1
0000005a   CACTL2
0000005b   CAPD
0000005d   UCA0ABCTL
0000005e   UCA0IRTCTL
0000005f   UCA0IRRCTL
00000060   UCA0CTL0
00000061   UCA0CTL1
00000062   UCA0BR0
00000063   UCA0BR1
00000064   UCA0MCTL
00000065   UCA0STAT
00000066   UCA0RXBUF
00000067   UCA0TXBUF
00000068   UCB0CTL0
00000069   UCB0CTL1
0000006a   UCB0BR0
0000006b   UCB0BR1
0000006c   UCB0I2CIE
0000006d   UCB0STAT
0000006e   UCB0RXBUF
0000006f   UCB0TXBUF
00000118   UCB0I2COA
0000011a   UCB0I2CSA
0000011e   TA1IV
00000120   WDTCTL
00000128   FCTL1
0000012a   FCTL2
0000012c   FCTL3
0000012e   TA0IV
00000160   TA0CTL
00000162   TA0CCTL0
00000164   TA0CCTL1
00000166   TA0CCTL2
00000170   TA0R
00000172   TA0CCR0
00000174   TA0CCR1
00000176   TA0CCR2
00000180   TA1CTL
00000182   TA1CCTL0
00000184   TA1CCTL1
00000186   TA1CCTL2
00000190   TA1R
00000192   TA1CCR0
00000194   TA1CCR1
00000196   TA1CCR2
000001b0   ADC10CTL0
000001b2   ADC10CTL1
000001b4   ADC10MEM
000001bc   ADC10SA
00000200   ADC
00000202   x
0000020a   i
0000020c   k
0000020e   flag
00000210   a
00000212   s
000003b0   _stack
00000400   __STACK_END
000010f8   CALDCO_16MHZ
000010f9   CALBC1_16MHZ
000010fa   CALDCO_12MHZ
000010fb   CALBC1_12MHZ
000010fc   CALDCO_8MHZ
000010fd   CALBC1_8MHZ
000010fe   CALDCO_1MHZ
000010ff   CALBC1_1MHZ
0000c000   main
0000c0fc   ADC_send
0000c1e2   _auto_init
0000c240   __mspabi_srli
0000c24e   __mspabi_srli_15
0000c252   __mspabi_srli_14
0000c256   __mspabi_srli_13
0000c25a   __mspabi_srli_12
0000c25e   __mspabi_srli_11
0000c262   __mspabi_srli_10
0000c266   __mspabi_srli_9
0000c26a   __mspabi_srli_8
0000c26e   __mspabi_srli_7
0000c272   __mspabi_srli_6
0000c276   __mspabi_srli_5
0000c27a   __mspabi_srli_4
0000c27e   __mspabi_srli_3
0000c282   __mspabi_srli_2
0000c286   __mspabi_srli_1
0000c28c   __mspabi_divi
0000c28c   __mspabi_remi
0000c2b8   _c_int00
0000c2b8   _c_int00_noexit
0000c2d2   ADC_init4
0000c2e8   ADC_init5
0000c2fe   __mspabi_divu
0000c2fe   __mspabi_remu
0000c314   __TI_zero_init
0000c328   ADC_read
0000c33a   __TI_decompress_none
0000c34c   memcpy
0000c35e   __mspabi_func_epilog_7
0000c360   __mspabi_func_epilog_6
0000c362   __mspabi_func_epilog_5
0000c364   __mspabi_func_epilog_4
0000c366   __mspabi_func_epilog_3
0000c368   __mspabi_func_epilog_2
0000c36a   __mspabi_func_epilog_1
0000c36e   Transmit
0000c37a   __TI_decompress_rle24
0000c380   _system_pre_init
0000c384   C$$EXIT
0000c384   abort
0000c392   __TI_Handler_Table_Base
0000c398   __TI_Handler_Table_Limit
0000c39c   __TI_CINIT_Base
0000c3a4   __TI_CINIT_Limit
0000fffe   _reset_vector
ffffffff   __binit__
ffffffff   __c_args__
ffffffff   binit
UNDEFED    __TI_INITARRAY_Base
UNDEFED    __TI_INITARRAY_Limit

[158 symbols]
