******************************************************************************
                  MSP430 Linker PC v4.1.5                      
******************************************************************************
>> Linked Sat May 10 17:55:18 2014

OUTPUT FILE NAME:   <printf.out>
ENTRY POINT SYMBOL: "_c_int00"  address: 0000d060


MEMORY CONFIGURATION

         name            origin    length      used     unused   attr    fill
----------------------  --------  ---------  --------  --------  ----  --------
  SFR                   00000000   00000010  00000000  00000010  RWIX
  PERIPHERALS_8BIT      00000010   000000f0  00000000  000000f0  RWIX
  PERIPHERALS_16BIT     00000100   00000100  00000000  00000100  RWIX
  RAM                   00000200   00000200  000001d2  0000002e  RWIX
  INFOD                 00001000   00000040  00000000  00000040  RWIX
  INFOC                 00001040   00000040  00000000  00000040  RWIX
  INFOB                 00001080   00000040  00000000  00000040  RWIX
  INFOA                 000010c0   00000040  00000000  00000040  RWIX
  FLASH                 0000c000   00003fe0  000012e8  00002cf8  RWIX
  INT00                 0000ffe0   00000002  00000000  00000002  RWIX
  INT01                 0000ffe2   00000002  00000000  00000002  RWIX
  INT02                 0000ffe4   00000002  00000000  00000002  RWIX
  INT03                 0000ffe6   00000002  00000000  00000002  RWIX
  INT04                 0000ffe8   00000002  00000000  00000002  RWIX
  INT05                 0000ffea   00000002  00000000  00000002  RWIX
  INT06                 0000ffec   00000002  00000000  00000002  RWIX
  INT07                 0000ffee   00000002  00000002  00000000  RWIX
  INT08                 0000fff0   00000002  00000000  00000002  RWIX
  INT09                 0000fff2   00000002  00000002  00000000  RWIX
  INT10                 0000fff4   00000002  00000000  00000002  RWIX
  INT11                 0000fff6   00000002  00000000  00000002  RWIX
  INT12                 0000fff8   00000002  00000000  00000002  RWIX
  INT13                 0000fffa   00000002  00000000  00000002  RWIX
  INT14                 0000fffc   00000002  00000000  00000002  RWIX
  RESET                 0000fffe   00000002  00000002  00000000  RWIX


SECTION ALLOCATION MAP

 output                                  attributes/
section   page    origin      length       input sections
--------  ----  ----------  ----------   ----------------
.data      0    00000000    000000f7     FAILED TO ALLOCATE
.sysmem    0    00000000    00000050     FAILED TO ALLOCATE
.stack     0    00000000    00000050     FAILED TO ALLOCATE
.init_array 
*          0    0000c000    00000000     UNINITIALIZED

.TI.persistent 
*          0    00000000    00000000     FAILED TO ALLOCATE
.cio       0    00000200    00000120     UNINITIALIZED
                  00000200    00000120     rts430_eabi.lib : trgmsg.obj (.cio)

.bss       0    00000320    000000b2     UNINITIALIZED
                  00000320    000000a0     rts430_eabi.lib : defs.obj (.bss)
                  000003c0    00000008                     : trgdrv.obj (.bss)
                  000003c8    00000006                     : memory.obj (.bss)
                  000003ce    00000004                     : boot.obj (.bss)

.TI.noinit 
*          0    00000320    00000000     UNINITIALIZED

.text      0    0000c000    000011e8     
                  0000c000    00000116     rts430_eabi.lib : _printfi_min.obj (.text:_setfield)
                  0000c116    000000ea                     : fputs.obj (.text:fputs)
                  0000c200    000000ca                     : _printfi_min.obj (.text:_printfi_minimal)
                  0000c2ca    000000c8     main.obj (.text:main)
                  0000c392    000000c8     rts430_eabi.lib : setvbuf.obj (.text:setvbuf)
                  0000c45a    000000a8                     : memory.obj (.text:malloc)
                  0000c502    00000090                     : fputc.obj (.text:fputc)
                  0000c592    0000008a                     : trgdrv.obj (.text:HOSTlseek)
                  0000c61c    00000080                     : memory.obj (.text:free)
                  0000c69c    0000007a                     : _io_perm.obj (.text:_wrt_ok)
                  0000c716    00000070                     : fseek.obj (.text:fseek)
                  0000c786    0000006a                     : trgdrv.obj (.text:HOSTrename)
                  0000c7f0    00000068                     : fclose.obj (.text:_closefile)
                  0000c858    00000064                     : trgdrv.obj (.text:HOSTopen)
                  0000c8bc    00000062                     : fflush.obj (.text:_doflush)
                  0000c91e    00000060                     : trgdrv.obj (.text:HOSTwrite)
                  0000c97e    0000005e                     : trgdrv.obj (.text:HOSTread)
                  0000c9dc    0000005e                     : copy_decompress_rle.obj (.text:__TI_decompress_rle_core)
                  0000ca3a    0000005e                     : autoinit.obj (.text:_auto_init)
                  0000ca98    0000005c                     : lsr32.obj (.text:l_lsr_const)
                  0000caf4    00000056                     : _printfi_min.obj (.text:_ltostr)
                  0000cb4a    00000056                     : lowlev.obj (.text:getdevice)
                  0000cba0    00000056                     : lowlev.obj (.text:lseek)
                  0000cbf6    0000004e                     : _printfi_min.obj (.text:_pproc_diouxp)
                  0000cc44    0000004c                     : lsr16.obj (.text)
                  0000cc90    0000004a                     : lowlev.obj (.text:close)
                  0000ccda    00000048                     : lowlev.obj (.text:write)
                  0000cd22    00000046                     : _printfi_min.obj (.text:_pproc_str)
                  0000cd68    00000042                     : trgdrv.obj (.text:HOSTclose)
                  0000cdaa    00000040                     : trgdrv.obj (.text:HOSTunlink)
                  0000cdea    0000003e                     : lsl32.obj (.text:l_lsl_const)
                  0000ce28    0000003c                     : printf.obj (.text:printf)
                  0000ce64    00000038                     : memory.obj (.text:minit)
                  0000ce9c    00000034                     : fopen.obj (.text:_cleanup)
                  0000ced0    00000032                     : lowlev.obj (.text:finddevice)
                  0000cf02    0000002e                     : _printfi_min.obj (.text:_getarg_diouxp)
                  0000cf30    0000002e                     : trgmsg.obj (.text:writemsg)
                  0000cf5e    0000002c     main.obj (.text:initUART)
                  0000cf8a    0000002c     rts430_eabi.lib : trgmsg.obj (.text:readmsg)
                  0000cfb6    0000002c                     : lsl16.obj (.text)
                  0000cfe2    0000002c                     : strncpy.obj (.text:strncpy)
                  0000d00e    0000002a                     : exit.obj (.text:exit)
                  0000d038    00000028                     : lowlev.obj (.text:unlink)
                  0000d060    0000001c                     : boot.obj (.text:_c_int00_noargs)
                  0000d07c    0000001c     main.obj (.text:initTimer)
                  0000d098    0000001c     rts430_eabi.lib : memccpy.obj (.text:memccpy)
                  0000d0b4    00000018                     : _printfi_min.obj (.text:_div)
                  0000d0cc    00000018                     : strchr.obj (.text:strchr)
                  0000d0e4    00000018                     : strcmp.obj (.text:strcmp)
                  0000d0fc    00000016                     : div16u.obj (.text)
                  0000d112    00000014     main.obj (.text:USCI0RX_ISR)
                  0000d126    00000014     rts430_eabi.lib : copy_zero_init.obj (.text:decompress:ZI:__TI_zero_init)
                  0000d13a    00000014                     : memchr.obj (.text:memchr)
                  0000d14e    00000014                     : memset.obj (.text:memset)
                  0000d162    00000014                     : mult16.obj (.text)
                  0000d176    00000012                     : copy_decompress_none.obj (.text:decompress:none:__TI_decompress_none)
                  0000d188    00000012                     : memcpy.obj (.text:memcpy)
                  0000d19a    00000010                     : epilog.obj (.text)
                  0000d1aa    00000010                     : strcpy.obj (.text:strcpy)
                  0000d1ba    0000000e                     : strlen.obj (.text:strlen)
                  0000d1c8    00000006     main.obj (.text:Timer_A)
                  0000d1ce    00000006     rts430_eabi.lib : printf.obj (.text:_outc)
                  0000d1d4    00000006                     : copy_decompress_rle.obj (.text:decompress:rle24:__TI_decompress_rle24)
                  0000d1da    00000004                     : printf.obj (.text:_outs)
                  0000d1de    00000004                     : pre_init.obj (.text:_system_pre_init)
                  0000d1e2    00000004                     : exit.obj (.text:abort)
                  0000d1e6    00000002                     : _lock.obj (.text:_nop)

.const     0    0000d1e8    000000bc     
                  0000d1e8    000000a8     main.obj (.const:.string)
                  0000d290    00000014     rts430_eabi.lib : _printfi_min.obj (.const:.string)

.cinit     0    0000d2a4    00000044     
                  0000d2a4    0000002a     (.cinit..data.load) [load image, compression = rle]
                  0000d2ce    00000006     (__TI_handler_table)
                  0000d2d4    00000004     (.cinit..bss.load) [load image, compression = zero_init]
                  0000d2d8    00000004     (.cinit..cio.load) [load image, compression = zero_init]
                  0000d2dc    0000000c     (__TI_cinit_table)

USCIAB0RX 
*          0    0000ffee    00000002     
                  0000ffee    00000002     main.obj (.int07)

TIMER0_A0 
*          0    0000fff2    00000002     
                  0000fff2    00000002     main.obj (.int09)

.reset     0    0000fffe    00000002     
                  0000fffe    00000002     rts430_eabi.lib : boot.obj (.reset)


LINKER GENERATED COPY TABLES

__TI_cinit_table @ 0000d2dc records: 3, size/record: 4, table size: 12
	.data: load addr=0000d2a4, load size=0000002a bytes, run addr=00000000, run size=000000f7 bytes, compression=rle
	.bss: load addr=0000d2d4, load size=00000004 bytes, run addr=00000320, run size=000000b2 bytes, compression=zero_init
	.cio: load addr=0000d2d8, load size=00000004 bytes, run addr=00000200, run size=00000120 bytes, compression=zero_init


LINKER GENERATED HANDLER TABLE

__TI_handler_table @ 0000d2ce records: 3, size/record: 2, table size: 6
	index: 0, handler: __TI_zero_init
	index: 1, handler: __TI_decompress_rle24
	index: 2, handler: __TI_decompress_none


GLOBAL SYMBOLS: SORTED ALPHABETICALLY BY Name 

address    name
--------   ----
0000004a   ADC10AE0
000001b0   ADC10CTL0
000001b2   ADC10CTL1
00000048   ADC10DTC0
00000049   ADC10DTC1
000001b4   ADC10MEM
000001bc   ADC10SA
00000057   BCSCTL1
00000058   BCSCTL2
00000053   BCSCTL3
0000d1e2   C$$EXIT
0000cf5a   C$$IO$$
00000059   CACTL1
0000005a   CACTL2
000010fb   CALBC1_12MHZ
000010f9   CALBC1_16MHZ
000010ff   CALBC1_1MHZ
000010fd   CALBC1_8MHZ
000010fa   CALDCO_12MHZ
000010f8   CALDCO_16MHZ
000010fe   CALDCO_1MHZ
000010fc   CALDCO_8MHZ
0000005b   CAPD
00000056   DCOCTL
00000128   FCTL1
0000012a   FCTL2
0000012c   FCTL3
000000f6   FLAGS
0000cd68   HOSTclose
0000c592   HOSTlseek
0000c858   HOSTopen
0000c97e   HOSTread
0000c786   HOSTrename
0000cdaa   HOSTunlink
0000c91e   HOSTwrite
00000000   IE1
00000001   IE2
00000002   IFG1
00000003   IFG2
00000022   P1DIR
00000025   P1IE
00000024   P1IES
00000023   P1IFG
00000020   P1IN
00000021   P1OUT
00000027   P1REN
00000026   P1SEL
00000041   P1SEL2
0000002a   P2DIR
0000002d   P2IE
0000002c   P2IES
0000002b   P2IFG
00000028   P2IN
00000029   P2OUT
0000002f   P2REN
0000002e   P2SEL
00000042   P2SEL2
0000001a   P3DIR
00000018   P3IN
00000019   P3OUT
00000010   P3REN
0000001b   P3SEL
00000043   P3SEL2
00000172   TA0CCR0
00000174   TA0CCR1
00000176   TA0CCR2
00000162   TA0CCTL0
00000164   TA0CCTL1
00000166   TA0CCTL2
00000160   TA0CTL
0000012e   TA0IV
00000170   TA0R
00000192   TA1CCR0
00000194   TA1CCR1
00000196   TA1CCR2
00000182   TA1CCTL0
00000184   TA1CCTL1
00000186   TA1CCTL2
00000180   TA1CTL
0000011e   TA1IV
00000190   TA1R
0000d1c8   Timer_A
0000005d   UCA0ABCTL
00000062   UCA0BR0
00000063   UCA0BR1
00000060   UCA0CTL0
00000061   UCA0CTL1
0000005f   UCA0IRRCTL
0000005e   UCA0IRTCTL
00000064   UCA0MCTL
00000066   UCA0RXBUF
00000065   UCA0STAT
00000067   UCA0TXBUF
0000006a   UCB0BR0
0000006b   UCB0BR1
00000068   UCB0CTL0
00000069   UCB0CTL1
0000006c   UCB0I2CIE
00000118   UCB0I2COA
0000011a   UCB0I2CSA
0000006e   UCB0RXBUF
0000006d   UCB0STAT
0000006f   UCB0TXBUF
0000d112   USCI0RX_ISR
00000120   WDTCTL
00000200   _CIOBUF_
00000050   __STACK_END
00000050   __STACK_SIZE
00000050   __SYSMEM_SIZE
0000d2dc   __TI_CINIT_Base
0000d2e8   __TI_CINIT_Limit
0000d2ce   __TI_Handler_Table_Base
0000d2d4   __TI_Handler_Table_Limit
UNDEFED    __TI_INITARRAY_Base
UNDEFED    __TI_INITARRAY_Limit
00000001   __TI_args_main
0000d176   __TI_decompress_none
0000d1d4   __TI_decompress_rle24
00000001   __TI_exit
0000d126   __TI_zero_init
ffffffff   __binit__
ffffffff   __c_args__
0000d0fc   __mspabi_divu
0000d1a6   __mspabi_func_epilog_1
0000d1a4   __mspabi_func_epilog_2
0000d1a2   __mspabi_func_epilog_3
0000d1a0   __mspabi_func_epilog_4
0000d19e   __mspabi_func_epilog_5
0000d19c   __mspabi_func_epilog_6
0000d19a   __mspabi_func_epilog_7
0000d162   __mspabi_mpyi
0000d0fc   __mspabi_remu
0000cfb6   __mspabi_slli
0000cfde   __mspabi_slli_1
0000cfcc   __mspabi_slli_10
0000cfca   __mspabi_slli_11
0000cfc8   __mspabi_slli_12
0000cfc6   __mspabi_slli_13
0000cfc4   __mspabi_slli_14
0000cfc2   __mspabi_slli_15
0000cfdc   __mspabi_slli_2
0000cfda   __mspabi_slli_3
0000cfd8   __mspabi_slli_4
0000cfd6   __mspabi_slli_5
0000cfd4   __mspabi_slli_6
0000cfd2   __mspabi_slli_7
0000cfd0   __mspabi_slli_8
0000cfce   __mspabi_slli_9
0000ce22   __mspabi_slll_1
0000cdfe   __mspabi_slll_10
0000cdfa   __mspabi_slll_11
0000cdf6   __mspabi_slll_12
0000cdf2   __mspabi_slll_13
0000cdee   __mspabi_slll_14
0000cdea   __mspabi_slll_15
0000ce1e   __mspabi_slll_2
0000ce1a   __mspabi_slll_3
0000ce16   __mspabi_slll_4
0000ce12   __mspabi_slll_5
0000ce0e   __mspabi_slll_6
0000ce0a   __mspabi_slll_7
0000ce06   __mspabi_slll_8
0000ce02   __mspabi_slll_9
0000cc44   __mspabi_srli
0000cc8a   __mspabi_srli_1
0000cc66   __mspabi_srli_10
0000cc62   __mspabi_srli_11
0000cc5e   __mspabi_srli_12
0000cc5a   __mspabi_srli_13
0000cc56   __mspabi_srli_14
0000cc52   __mspabi_srli_15
0000cc86   __mspabi_srli_2
0000cc82   __mspabi_srli_3
0000cc7e   __mspabi_srli_4
0000cc7a   __mspabi_srli_5
0000cc76   __mspabi_srli_6
0000cc72   __mspabi_srli_7
0000cc6e   __mspabi_srli_8
0000cc6a   __mspabi_srli_9
0000caec   __mspabi_srll_1
0000cab6   __mspabi_srll_10
0000cab0   __mspabi_srll_11
0000caaa   __mspabi_srll_12
0000caa4   __mspabi_srll_13
0000ca9e   __mspabi_srll_14
0000ca98   __mspabi_srll_15
0000cae6   __mspabi_srll_2
0000cae0   __mspabi_srll_3
0000cada   __mspabi_srll_4
0000cad4   __mspabi_srll_5
0000cace   __mspabi_srll_6
0000cac8   __mspabi_srll_7
0000cac2   __mspabi_srll_8
0000cabc   __mspabi_srll_9
0000ca3a   _auto_init
0000d060   _c_int00
0000d060   _c_int00_noargs
0000ce9c   _cleanup
000003ce   _cleanup_ptr
0000c7f0   _closefile
0000c8bc   _doflush
000003d0   _dtors_ptr
000000f2   _ft_end
00000000   _ftable
000000ee   _lock
0000d1e6   _nop
0000c200   _printfi_minimal
0000fffe   _reset_vector
00000000   _stack
00000000   _sys_memory
0000d1de   _system_pre_init
00000320   _tmpnams
000000f0   _unlock
0000c69c   _wrt_ok
0000d1e2   abort
ffffffff   binit
0000cc90   close
0000d00e   exit
0000c502   fputc
0000c116   fputs
0000c61c   free
0000c716   fseek
0000d07c   initTimer
0000cf5e   initUART
0000cba0   lseek
0000c2ca   main
0000c45a   malloc
0000d098   memccpy
0000d13a   memchr
0000d188   memcpy
0000d14e   memset
0000ce64   minit
0000ce28   printf
0000cf8a   readmsg
0000d038   remove
0000c392   setvbuf
0000d0cc   strchr
0000d0e4   strcmp
0000d1aa   strcpy
0000d1ba   strlen
0000cfe2   strncpy
0000d038   unlink
0000ccda   write
0000cf30   writemsg


GLOBAL SYMBOLS: SORTED BY Symbol Address 

address    name
--------   ----
00000000   IE1
00000000   _ftable
00000000   _stack
00000000   _sys_memory
00000001   IE2
00000001   __TI_args_main
00000001   __TI_exit
00000002   IFG1
00000003   IFG2
00000010   P3REN
00000018   P3IN
00000019   P3OUT
0000001a   P3DIR
0000001b   P3SEL
00000020   P1IN
00000021   P1OUT
00000022   P1DIR
00000023   P1IFG
00000024   P1IES
00000025   P1IE
00000026   P1SEL
00000027   P1REN
00000028   P2IN
00000029   P2OUT
0000002a   P2DIR
0000002b   P2IFG
0000002c   P2IES
0000002d   P2IE
0000002e   P2SEL
0000002f   P2REN
00000041   P1SEL2
00000042   P2SEL2
00000043   P3SEL2
00000048   ADC10DTC0
00000049   ADC10DTC1
0000004a   ADC10AE0
00000050   __STACK_END
00000050   __STACK_SIZE
00000050   __SYSMEM_SIZE
00000053   BCSCTL3
00000056   DCOCTL
00000057   BCSCTL1
00000058   BCSCTL2
00000059   CACTL1
0000005a   CACTL2
0000005b   CAPD
0000005d   UCA0ABCTL
0000005e   UCA0IRTCTL
0000005f   UCA0IRRCTL
00000060   UCA0CTL0
00000061   UCA0CTL1
00000062   UCA0BR0
00000063   UCA0BR1
00000064   UCA0MCTL
00000065   UCA0STAT
00000066   UCA0RXBUF
00000067   UCA0TXBUF
00000068   UCB0CTL0
00000069   UCB0CTL1
0000006a   UCB0BR0
0000006b   UCB0BR1
0000006c   UCB0I2CIE
0000006d   UCB0STAT
0000006e   UCB0RXBUF
0000006f   UCB0TXBUF
000000ee   _lock
000000f0   _unlock
000000f2   _ft_end
000000f6   FLAGS
00000118   UCB0I2COA
0000011a   UCB0I2CSA
0000011e   TA1IV
00000120   WDTCTL
00000128   FCTL1
0000012a   FCTL2
0000012c   FCTL3
0000012e   TA0IV
00000160   TA0CTL
00000162   TA0CCTL0
00000164   TA0CCTL1
00000166   TA0CCTL2
00000170   TA0R
00000172   TA0CCR0
00000174   TA0CCR1
00000176   TA0CCR2
00000180   TA1CTL
00000182   TA1CCTL0
00000184   TA1CCTL1
00000186   TA1CCTL2
00000190   TA1R
00000192   TA1CCR0
00000194   TA1CCR1
00000196   TA1CCR2
000001b0   ADC10CTL0
000001b2   ADC10CTL1
000001b4   ADC10MEM
000001bc   ADC10SA
00000200   _CIOBUF_
00000320   _tmpnams
000003ce   _cleanup_ptr
000003d0   _dtors_ptr
000010f8   CALDCO_16MHZ
000010f9   CALBC1_16MHZ
000010fa   CALDCO_12MHZ
000010fb   CALBC1_12MHZ
000010fc   CALDCO_8MHZ
000010fd   CALBC1_8MHZ
000010fe   CALDCO_1MHZ
000010ff   CALBC1_1MHZ
0000c116   fputs
0000c200   _printfi_minimal
0000c2ca   main
0000c392   setvbuf
0000c45a   malloc
0000c502   fputc
0000c592   HOSTlseek
0000c61c   free
0000c69c   _wrt_ok
0000c716   fseek
0000c786   HOSTrename
0000c7f0   _closefile
0000c858   HOSTopen
0000c8bc   _doflush
0000c91e   HOSTwrite
0000c97e   HOSTread
0000ca3a   _auto_init
0000ca98   __mspabi_srll_15
0000ca9e   __mspabi_srll_14
0000caa4   __mspabi_srll_13
0000caaa   __mspabi_srll_12
0000cab0   __mspabi_srll_11
0000cab6   __mspabi_srll_10
0000cabc   __mspabi_srll_9
0000cac2   __mspabi_srll_8
0000cac8   __mspabi_srll_7
0000cace   __mspabi_srll_6
0000cad4   __mspabi_srll_5
0000cada   __mspabi_srll_4
0000cae0   __mspabi_srll_3
0000cae6   __mspabi_srll_2
0000caec   __mspabi_srll_1
0000cba0   lseek
0000cc44   __mspabi_srli
0000cc52   __mspabi_srli_15
0000cc56   __mspabi_srli_14
0000cc5a   __mspabi_srli_13
0000cc5e   __mspabi_srli_12
0000cc62   __mspabi_srli_11
0000cc66   __mspabi_srli_10
0000cc6a   __mspabi_srli_9
0000cc6e   __mspabi_srli_8
0000cc72   __mspabi_srli_7
0000cc76   __mspabi_srli_6
0000cc7a   __mspabi_srli_5
0000cc7e   __mspabi_srli_4
0000cc82   __mspabi_srli_3
0000cc86   __mspabi_srli_2
0000cc8a   __mspabi_srli_1
0000cc90   close
0000ccda   write
0000cd68   HOSTclose
0000cdaa   HOSTunlink
0000cdea   __mspabi_slll_15
0000cdee   __mspabi_slll_14
0000cdf2   __mspabi_slll_13
0000cdf6   __mspabi_slll_12
0000cdfa   __mspabi_slll_11
0000cdfe   __mspabi_slll_10
0000ce02   __mspabi_slll_9
0000ce06   __mspabi_slll_8
0000ce0a   __mspabi_slll_7
0000ce0e   __mspabi_slll_6
0000ce12   __mspabi_slll_5
0000ce16   __mspabi_slll_4
0000ce1a   __mspabi_slll_3
0000ce1e   __mspabi_slll_2
0000ce22   __mspabi_slll_1
0000ce28   printf
0000ce64   minit
0000ce9c   _cleanup
0000cf30   writemsg
0000cf5a   C$$IO$$
0000cf5e   initUART
0000cf8a   readmsg
0000cfb6   __mspabi_slli
0000cfc2   __mspabi_slli_15
0000cfc4   __mspabi_slli_14
0000cfc6   __mspabi_slli_13
0000cfc8   __mspabi_slli_12
0000cfca   __mspabi_slli_11
0000cfcc   __mspabi_slli_10
0000cfce   __mspabi_slli_9
0000cfd0   __mspabi_slli_8
0000cfd2   __mspabi_slli_7
0000cfd4   __mspabi_slli_6
0000cfd6   __mspabi_slli_5
0000cfd8   __mspabi_slli_4
0000cfda   __mspabi_slli_3
0000cfdc   __mspabi_slli_2
0000cfde   __mspabi_slli_1
0000cfe2   strncpy
0000d00e   exit
0000d038   remove
0000d038   unlink
0000d060   _c_int00
0000d060   _c_int00_noargs
0000d07c   initTimer
0000d098   memccpy
0000d0cc   strchr
0000d0e4   strcmp
0000d0fc   __mspabi_divu
0000d0fc   __mspabi_remu
0000d112   USCI0RX_ISR
0000d126   __TI_zero_init
0000d13a   memchr
0000d14e   memset
0000d162   __mspabi_mpyi
0000d176   __TI_decompress_none
0000d188   memcpy
0000d19a   __mspabi_func_epilog_7
0000d19c   __mspabi_func_epilog_6
0000d19e   __mspabi_func_epilog_5
0000d1a0   __mspabi_func_epilog_4
0000d1a2   __mspabi_func_epilog_3
0000d1a4   __mspabi_func_epilog_2
0000d1a6   __mspabi_func_epilog_1
0000d1aa   strcpy
0000d1ba   strlen
0000d1c8   Timer_A
0000d1d4   __TI_decompress_rle24
0000d1de   _system_pre_init
0000d1e2   C$$EXIT
0000d1e2   abort
0000d1e6   _nop
0000d2ce   __TI_Handler_Table_Base
0000d2d4   __TI_Handler_Table_Limit
0000d2dc   __TI_CINIT_Base
0000d2e8   __TI_CINIT_Limit
0000fffe   _reset_vector
ffffffff   __binit__
ffffffff   __c_args__
ffffffff   binit
UNDEFED    __TI_INITARRAY_Base
UNDEFED    __TI_INITARRAY_Limit

[244 symbols]
