******************************************************************************
                  MSP430 Linker PC v4.1.5                      
******************************************************************************
>> Linked Sat May 10 18:08:13 2014

OUTPUT FILE NAME:   <butter.out>
ENTRY POINT SYMBOL: "_c_int00"  address: 0000c5ae


MEMORY CONFIGURATION

         name            origin    length      used     unused   attr    fill
----------------------  --------  ---------  --------  --------  ----  --------
  SFR                   00000000   00000010  00000000  00000010  RWIX
  PERIPHERALS_8BIT      00000010   000000f0  00000000  000000f0  RWIX
  PERIPHERALS_16BIT     00000100   00000100  00000000  00000100  RWIX
  RAM                   00000200   00000200  0000007e  00000182  RWIX
  INFOD                 00001000   00000040  00000000  00000040  RWIX
  INFOC                 00001040   00000040  00000000  00000040  RWIX
  INFOB                 00001080   00000040  00000000  00000040  RWIX
  INFOA                 000010c0   00000040  00000000  00000040  RWIX
  FLASH                 0000c000   00003fe0  00000696  0000394a  RWIX
  INT00                 0000ffe0   00000002  00000000  00000002  RWIX
  INT01                 0000ffe2   00000002  00000000  00000002  RWIX
  INT02                 0000ffe4   00000002  00000000  00000002  RWIX
  INT03                 0000ffe6   00000002  00000000  00000002  RWIX
  INT04                 0000ffe8   00000002  00000000  00000002  RWIX
  INT05                 0000ffea   00000002  00000000  00000002  RWIX
  INT06                 0000ffec   00000002  00000000  00000002  RWIX
  INT07                 0000ffee   00000002  00000000  00000002  RWIX
  INT08                 0000fff0   00000002  00000000  00000002  RWIX
  INT09                 0000fff2   00000002  00000000  00000002  RWIX
  INT10                 0000fff4   00000002  00000000  00000002  RWIX
  INT11                 0000fff6   00000002  00000000  00000002  RWIX
  INT12                 0000fff8   00000002  00000000  00000002  RWIX
  INT13                 0000fffa   00000002  00000000  00000002  RWIX
  INT14                 0000fffc   00000002  00000000  00000002  RWIX
  RESET                 0000fffe   00000002  00000002  00000000  RWIX


SECTION ALLOCATION MAP

 output                                  attributes/
section   page    origin      length       input sections
--------  ----  ----------  ----------   ----------------
.init_array 
*          0    0000c000    00000000     UNINITIALIZED

.data      0    00000200    0000002a     
                  00000200    0000000c     main.obj (.data:a)
                  0000020c    0000000c     main.obj (.data:b)
                  00000218    0000000c     main.obj (.data:y)
                  00000224    00000006     main.obj (.data:x)

.TI.persistent 
*          0    00000200    00000000     UNINITIALIZED

.bss       0    0000022a    00000004     UNINITIALIZED
                  0000022a    00000004     main.obj (.bss)

.TI.noinit 
*          0    0000022a    00000000     UNINITIALIZED

.stack     0    000003b0    00000050     UNINITIALIZED
                  000003b0    00000002     rts430_eabi.lib : boot.obj (.stack)
                  000003b2    0000004e     --HOLE--

.text      0    0000c000    00000662     
                  0000c000    00000130     rts430_eabi.lib : fs_add.obj (.text)
                  0000c130    00000106     main.obj (.text:main)
                  0000c236    000000c2     rts430_eabi.lib : fs_mpy.obj (.text)
                  0000c2f8    0000009a                     : fs_div.obj (.text)
                  0000c392    00000076     main.obj (.text:OutSend)
                  0000c408    00000068     rts430_eabi.lib : fs_toi.obj (.text)
                  0000c470    0000005e                     : copy_decompress_rle.obj (.text:__TI_decompress_rle_core)
                  0000c4ce    0000005e                     : autoinit.obj (.text:_auto_init)
                  0000c52c    00000032     main.obj (.text:Uart_init)
                  0000c55e    0000002c     rts430_eabi.lib : div16s.obj (.text)
                  0000c58a    00000024                     : fs_utof.obj (.text)
                  0000c5ae    0000001a                     : boot.obj (.text:_c_int00_noexit)
                  0000c5c8    00000018     main.obj (.text:ADC_init)
                  0000c5e0    00000016     main.obj (.text:ADC_read)
                  0000c5f6    00000016     rts430_eabi.lib : div16u.obj (.text)
                  0000c60c    00000014                     : copy_zero_init.obj (.text:decompress:ZI:__TI_zero_init)
                  0000c620    00000012                     : copy_decompress_none.obj (.text:decompress:none:__TI_decompress_none)
                  0000c632    00000012                     : memcpy.obj (.text:memcpy)
                  0000c644    00000010                     : epilog.obj (.text)
                  0000c654    00000006                     : copy_decompress_rle.obj (.text:decompress:rle24:__TI_decompress_rle24)
                  0000c65a    00000004                     : pre_init.obj (.text:_system_pre_init)
                  0000c65e    00000004                     : exit.obj (.text:abort)

.cinit     0    0000c662    00000034     
                  0000c662    00000021     (.cinit..data.load) [load image, compression = rle]
                  0000c683    00000001     --HOLE-- [fill = 0]
                  0000c684    00000006     (__TI_handler_table)
                  0000c68a    00000004     (.cinit..bss.load) [load image, compression = zero_init]
                  0000c68e    00000008     (__TI_cinit_table)

.reset     0    0000fffe    00000002     
                  0000fffe    00000002     rts430_eabi.lib : boot.obj (.reset)


LINKER GENERATED COPY TABLES

__TI_cinit_table @ 0000c68e records: 2, size/record: 4, table size: 8
	.data: load addr=0000c662, load size=00000021 bytes, run addr=00000200, run size=0000002a bytes, compression=rle
	.bss: load addr=0000c68a, load size=00000004 bytes, run addr=0000022a, run size=00000004 bytes, compression=zero_init


LINKER GENERATED HANDLER TABLE

__TI_handler_table @ 0000c684 records: 3, size/record: 2, table size: 6
	index: 0, handler: __TI_zero_init
	index: 1, handler: __TI_decompress_rle24
	index: 2, handler: __TI_decompress_none


GLOBAL SYMBOLS: SORTED ALPHABETICALLY BY Name 

address    name
--------   ----
0000022a   ADC
0000004a   ADC10AE0
000001b0   ADC10CTL0
000001b2   ADC10CTL1
00000048   ADC10DTC0
00000049   ADC10DTC1
000001b4   ADC10MEM
000001bc   ADC10SA
0000c5c8   ADC_init
0000c5e0   ADC_read
00000057   BCSCTL1
00000058   BCSCTL2
00000053   BCSCTL3
0000c65e   C$$EXIT
00000059   CACTL1
0000005a   CACTL2
000010fb   CALBC1_12MHZ
000010f9   CALBC1_16MHZ
000010ff   CALBC1_1MHZ
000010fd   CALBC1_8MHZ
000010fa   CALDCO_12MHZ
000010f8   CALDCO_16MHZ
000010fe   CALDCO_1MHZ
000010fc   CALDCO_8MHZ
0000005b   CAPD
00000056   DCOCTL
00000128   FCTL1
0000012a   FCTL2
0000012c   FCTL3
00000000   IE1
00000001   IE2
00000002   IFG1
00000003   IFG2
0000c392   OutSend
00000022   P1DIR
00000025   P1IE
00000024   P1IES
00000023   P1IFG
00000020   P1IN
00000021   P1OUT
00000027   P1REN
00000026   P1SEL
00000041   P1SEL2
0000002a   P2DIR
0000002d   P2IE
0000002c   P2IES
0000002b   P2IFG
00000028   P2IN
00000029   P2OUT
0000002f   P2REN
0000002e   P2SEL
00000042   P2SEL2
0000001a   P3DIR
00000018   P3IN
00000019   P3OUT
00000010   P3REN
0000001b   P3SEL
00000043   P3SEL2
00000172   TA0CCR0
00000174   TA0CCR1
00000176   TA0CCR2
00000162   TA0CCTL0
00000164   TA0CCTL1
00000166   TA0CCTL2
00000160   TA0CTL
0000012e   TA0IV
00000170   TA0R
00000192   TA1CCR0
00000194   TA1CCR1
00000196   TA1CCR2
00000182   TA1CCTL0
00000184   TA1CCTL1
00000186   TA1CCTL2
00000180   TA1CTL
0000011e   TA1IV
00000190   TA1R
0000005d   UCA0ABCTL
00000062   UCA0BR0
00000063   UCA0BR1
00000060   UCA0CTL0
00000061   UCA0CTL1
0000005f   UCA0IRRCTL
0000005e   UCA0IRTCTL
00000064   UCA0MCTL
00000066   UCA0RXBUF
00000065   UCA0STAT
00000067   UCA0TXBUF
0000006a   UCB0BR0
0000006b   UCB0BR1
00000068   UCB0CTL0
00000069   UCB0CTL1
0000006c   UCB0I2CIE
00000118   UCB0I2COA
0000011a   UCB0I2CSA
0000006e   UCB0RXBUF
0000006d   UCB0STAT
0000006f   UCB0TXBUF
0000c52c   Uart_init
00000120   WDTCTL
00000400   __STACK_END
00000050   __STACK_SIZE
0000c68e   __TI_CINIT_Base
0000c696   __TI_CINIT_Limit
0000c684   __TI_Handler_Table_Base
0000c68a   __TI_Handler_Table_Limit
UNDEFED    __TI_INITARRAY_Base
UNDEFED    __TI_INITARRAY_Limit
00000001   __TI_args_main
0000c620   __TI_decompress_none
0000c654   __TI_decompress_rle24
00000001   __TI_exit
0000c60c   __TI_zero_init
ffffffff   __binit__
ffffffff   __c_args__
0000c006   __mspabi_addf
0000c2f8   __mspabi_divf
0000c55e   __mspabi_divi
0000c5f6   __mspabi_divu
0000c408   __mspabi_fixfi
0000c58a   __mspabi_fltuf
0000c650   __mspabi_func_epilog_1
0000c64e   __mspabi_func_epilog_2
0000c64c   __mspabi_func_epilog_3
0000c64a   __mspabi_func_epilog_4
0000c648   __mspabi_func_epilog_5
0000c646   __mspabi_func_epilog_6
0000c644   __mspabi_func_epilog_7
0000c236   __mspabi_mpyf
0000c55e   __mspabi_remi
0000c5f6   __mspabi_remu
0000c000   __mspabi_subf
0000c4ce   _auto_init
0000c5ae   _c_int00
0000c5ae   _c_int00_noexit
0000fffe   _reset_vector
000003b0   _stack
0000c65a   _system_pre_init
00000200   a
0000c65e   abort
0000020c   b
ffffffff   binit
0000022c   i
0000c130   main
0000c632   memcpy
00000224   x
00000218   y


GLOBAL SYMBOLS: SORTED BY Symbol Address 

address    name
--------   ----
00000000   IE1
00000001   IE2
00000001   __TI_args_main
00000001   __TI_exit
00000002   IFG1
00000003   IFG2
00000010   P3REN
00000018   P3IN
00000019   P3OUT
0000001a   P3DIR
0000001b   P3SEL
00000020   P1IN
00000021   P1OUT
00000022   P1DIR
00000023   P1IFG
00000024   P1IES
00000025   P1IE
00000026   P1SEL
00000027   P1REN
00000028   P2IN
00000029   P2OUT
0000002a   P2DIR
0000002b   P2IFG
0000002c   P2IES
0000002d   P2IE
0000002e   P2SEL
0000002f   P2REN
00000041   P1SEL2
00000042   P2SEL2
00000043   P3SEL2
00000048   ADC10DTC0
00000049   ADC10DTC1
0000004a   ADC10AE0
00000050   __STACK_SIZE
00000053   BCSCTL3
00000056   DCOCTL
00000057   BCSCTL1
00000058   BCSCTL2
00000059   CACTL1
0000005a   CACTL2
0000005b   CAPD
0000005d   UCA0ABCTL
0000005e   UCA0IRTCTL
0000005f   UCA0IRRCTL
00000060   UCA0CTL0
00000061   UCA0CTL1
00000062   UCA0BR0
00000063   UCA0BR1
00000064   UCA0MCTL
00000065   UCA0STAT
00000066   UCA0RXBUF
00000067   UCA0TXBUF
00000068   UCB0CTL0
00000069   UCB0CTL1
0000006a   UCB0BR0
0000006b   UCB0BR1
0000006c   UCB0I2CIE
0000006d   UCB0STAT
0000006e   UCB0RXBUF
0000006f   UCB0TXBUF
00000118   UCB0I2COA
0000011a   UCB0I2CSA
0000011e   TA1IV
00000120   WDTCTL
00000128   FCTL1
0000012a   FCTL2
0000012c   FCTL3
0000012e   TA0IV
00000160   TA0CTL
00000162   TA0CCTL0
00000164   TA0CCTL1
00000166   TA0CCTL2
00000170   TA0R
00000172   TA0CCR0
00000174   TA0CCR1
00000176   TA0CCR2
00000180   TA1CTL
00000182   TA1CCTL0
00000184   TA1CCTL1
00000186   TA1CCTL2
00000190   TA1R
00000192   TA1CCR0
00000194   TA1CCR1
00000196   TA1CCR2
000001b0   ADC10CTL0
000001b2   ADC10CTL1
000001b4   ADC10MEM
000001bc   ADC10SA
00000200   a
0000020c   b
00000218   y
00000224   x
0000022a   ADC
0000022c   i
000003b0   _stack
00000400   __STACK_END
000010f8   CALDCO_16MHZ
000010f9   CALBC1_16MHZ
000010fa   CALDCO_12MHZ
000010fb   CALBC1_12MHZ
000010fc   CALDCO_8MHZ
000010fd   CALBC1_8MHZ
000010fe   CALDCO_1MHZ
000010ff   CALBC1_1MHZ
0000c000   __mspabi_subf
0000c006   __mspabi_addf
0000c130   main
0000c236   __mspabi_mpyf
0000c2f8   __mspabi_divf
0000c392   OutSend
0000c408   __mspabi_fixfi
0000c4ce   _auto_init
0000c52c   Uart_init
0000c55e   __mspabi_divi
0000c55e   __mspabi_remi
0000c58a   __mspabi_fltuf
0000c5ae   _c_int00
0000c5ae   _c_int00_noexit
0000c5c8   ADC_init
0000c5e0   ADC_read
0000c5f6   __mspabi_divu
0000c5f6   __mspabi_remu
0000c60c   __TI_zero_init
0000c620   __TI_decompress_none
0000c632   memcpy
0000c644   __mspabi_func_epilog_7
0000c646   __mspabi_func_epilog_6
0000c648   __mspabi_func_epilog_5
0000c64a   __mspabi_func_epilog_4
0000c64c   __mspabi_func_epilog_3
0000c64e   __mspabi_func_epilog_2
0000c650   __mspabi_func_epilog_1
0000c654   __TI_decompress_rle24
0000c65a   _system_pre_init
0000c65e   C$$EXIT
0000c65e   abort
0000c684   __TI_Handler_Table_Base
0000c68a   __TI_Handler_Table_Limit
0000c68e   __TI_CINIT_Base
0000c696   __TI_CINIT_Limit
0000fffe   _reset_vector
ffffffff   __binit__
ffffffff   __c_args__
ffffffff   binit
UNDEFED    __TI_INITARRAY_Base
UNDEFED    __TI_INITARRAY_Limit

[146 symbols]
